<?xml version="1.0" encoding="UTF-8" ?>
<testsuites name="vitest tests" tests="26" failures="26" errors="0" time="0.025818957">
    <testsuite name="src/tests/noteSchema.test.ts" timestamp="2026-01-19T11:07:38.149Z" hostname="Paulines-MacBook-Pro.local" tests="7" failures="7" errors="0" skipped="0" time="0.006680291">
        <testcase classname="src/tests/noteSchema.test.ts" name="noteSchema &gt; createNoteSchema &gt; should reject text shorter than 3 characters" time="0.004081083">
            <failure message="expected true to be false // Object.is equality" type="AssertionError">
AssertionError: expected true to be false // Object.is equality

- Expected
+ Received

- false
+ true

 ❯ src/tests/noteSchema.test.ts:12:27
            </failure>
        </testcase>
        <testcase classname="src/tests/noteSchema.test.ts" name="noteSchema &gt; createNoteSchema &gt; should reject text longer than 500 characters" time="0.000368834">
            <failure message="expected true to be false // Object.is equality" type="AssertionError">
AssertionError: expected true to be false // Object.is equality

- Expected
+ Received

- false
+ true

 ❯ src/tests/noteSchema.test.ts:26:27
            </failure>
        </testcase>
        <testcase classname="src/tests/noteSchema.test.ts" name="noteSchema &gt; createNoteSchema &gt; should reject empty taskId" time="0.000349667">
            <failure message="expected true to be false // Object.is equality" type="AssertionError">
AssertionError: expected true to be false // Object.is equality

- Expected
+ Received

- false
+ true

 ❯ src/tests/noteSchema.test.ts:40:27
            </failure>
        </testcase>
        <testcase classname="src/tests/noteSchema.test.ts" name="noteSchema &gt; createNoteSchema &gt; should reject missing text field" time="0.000347958">
            <failure message="expected true to be false // Object.is equality" type="AssertionError">
AssertionError: expected true to be false // Object.is equality

- Expected
+ Received

- false
+ true

 ❯ src/tests/noteSchema.test.ts:51:27
            </failure>
        </testcase>
        <testcase classname="src/tests/noteSchema.test.ts" name="noteSchema &gt; createNoteSchema &gt; should reject missing taskId field" time="0.000465542">
            <failure message="expected true to be false // Object.is equality" type="AssertionError">
AssertionError: expected true to be false // Object.is equality

- Expected
+ Received

- false
+ true

 ❯ src/tests/noteSchema.test.ts:59:27
            </failure>
        </testcase>
        <testcase classname="src/tests/noteSchema.test.ts" name="noteSchema &gt; deleteNoteSchema &gt; should reject empty id" time="0.000193333">
            <failure message="expected true to be false // Object.is equality" type="AssertionError">
AssertionError: expected true to be false // Object.is equality

- Expected
+ Received

- false
+ true

 ❯ src/tests/noteSchema.test.ts:67:27
            </failure>
        </testcase>
        <testcase classname="src/tests/noteSchema.test.ts" name="noteSchema &gt; deleteNoteSchema &gt; should reject missing id field" time="0.000187042">
            <failure message="expected true to be false // Object.is equality" type="AssertionError">
AssertionError: expected true to be false // Object.is equality

- Expected
+ Received

- false
+ true

 ❯ src/tests/noteSchema.test.ts:76:27
            </failure>
        </testcase>
    </testsuite>
    <testsuite name="src/tests/notesSelectors.test.ts" timestamp="2026-01-19T11:07:38.152Z" hostname="Paulines-MacBook-Pro.local" tests="7" failures="7" errors="0" skipped="0" time="0.008248291">
        <testcase classname="src/tests/notesSelectors.test.ts" name="notesSelectors &gt; selectFilteredNotes &gt; should return all notes when search query is empty" time="0.005119416">
            <failure message="expected [] to have a length of 3 but got +0" type="AssertionError">
AssertionError: expected [] to have a length of 3 but got +0

- Expected
+ Received

- 3
+ 0

 ❯ src/tests/notesSelectors.test.ts:46:21
            </failure>
        </testcase>
        <testcase classname="src/tests/notesSelectors.test.ts" name="notesSelectors &gt; selectFilteredNotes &gt; should filter notes by search query (case insensitive)" time="0.000484875">
            <failure message="expected [] to have a length of 1 but got +0" type="AssertionError">
AssertionError: expected [] to have a length of 1 but got +0

- Expected
+ Received

- 1
+ 0

 ❯ src/tests/notesSelectors.test.ts:52:21
            </failure>
        </testcase>
        <testcase classname="src/tests/notesSelectors.test.ts" name="notesSelectors &gt; selectFilteredNotes &gt; should return multiple matches" time="0.000352875">
            <failure message="expected [] to have a length of 2 but got +0" type="AssertionError">
AssertionError: expected [] to have a length of 2 but got +0

- Expected
+ Received

- 2
+ 0

 ❯ src/tests/notesSelectors.test.ts:59:21
            </failure>
        </testcase>
        <testcase classname="src/tests/notesSelectors.test.ts" name="notesSelectors &gt; selectFilteredNotes &gt; should ignore whitespace-only search query" time="0.000384708">
            <failure message="expected [] to have a length of 3 but got +0" type="AssertionError">
AssertionError: expected [] to have a length of 3 but got +0

- Expected
+ Received

- 3
+ 0

 ❯ src/tests/notesSelectors.test.ts:65:21
            </failure>
        </testcase>
        <testcase classname="src/tests/notesSelectors.test.ts" name="notesSelectors &gt; selectNotesCount &gt; should return total count of notes" time="0.000740292">
            <failure message="expected +0 to be 3 // Object.is equality" type="AssertionError">
AssertionError: expected +0 to be 3 // Object.is equality

- Expected
+ Received

- 3
+ 0

 ❯ src/tests/notesSelectors.test.ts:72:36
            </failure>
        </testcase>
        <testcase classname="src/tests/notesSelectors.test.ts" name="notesSelectors &gt; selectFilteredNotesCount &gt; should return count of filtered notes" time="0.000263416">
            <failure message="expected +0 to be 2 // Object.is equality" type="AssertionError">
AssertionError: expected +0 to be 2 // Object.is equality

- Expected
+ Received

- 2
+ 0

 ❯ src/tests/notesSelectors.test.ts:79:44
            </failure>
        </testcase>
        <testcase classname="src/tests/notesSelectors.test.ts" name="notesSelectors &gt; selectFilteredNotesCount &gt; should return total count when no filter" time="0.000242583">
            <failure message="expected +0 to be 3 // Object.is equality" type="AssertionError">
AssertionError: expected +0 to be 3 // Object.is equality

- Expected
+ Received

- 3
+ 0

 ❯ src/tests/notesSelectors.test.ts:84:44
            </failure>
        </testcase>
    </testsuite>
    <testsuite name="src/tests/notesSlice.test.ts" timestamp="2026-01-19T11:07:38.155Z" hostname="Paulines-MacBook-Pro.local" tests="12" failures="12" errors="0" skipped="0" time="0.010890375">
        <testcase classname="src/tests/notesSlice.test.ts" name="notesSlice &gt; setNotes &gt; should set notes array" time="0.005609">
            <failure message="expected [] to deeply equal [ { id: &apos;note-1&apos;, …(3) }, …(1) ]" type="AssertionError">
AssertionError: expected [] to deeply equal [ { id: &apos;note-1&apos;, …(3) }, …(1) ]

- Expected
+ Received

- [
-   {
-     &quot;createdAt&quot;: 1768820858100,
-     &quot;id&quot;: &quot;note-1&quot;,
-     &quot;taskId&quot;: &quot;task-1&quot;,
-     &quot;text&quot;: &quot;Test note&quot;,
-   },
-   {
-     &quot;createdAt&quot;: 1768820858100,
-     &quot;id&quot;: &quot;note-2&quot;,
-     &quot;taskId&quot;: &quot;task-1&quot;,
-     &quot;text&quot;: &quot;Another test note&quot;,
-   },
- ]
+ []

 ❯ src/tests/notesSlice.test.ts:39:24
            </failure>
        </testcase>
        <testcase classname="src/tests/notesSlice.test.ts" name="notesSlice &gt; setNotes &gt; should replace existing notes" time="0.000960291">
            <failure message="expected [ { id: &apos;note-1&apos;, …(3) } ] to deeply equal [ { id: &apos;note-2&apos;, …(3) } ]" type="AssertionError">
AssertionError: expected [ { id: &apos;note-1&apos;, …(3) } ] to deeply equal [ { id: &apos;note-2&apos;, …(3) } ]

- Expected
+ Received

  [
    {
      &quot;createdAt&quot;: 1768820858100,
-     &quot;id&quot;: &quot;note-2&quot;,
+     &quot;id&quot;: &quot;note-1&quot;,
      &quot;taskId&quot;: &quot;task-1&quot;,
-     &quot;text&quot;: &quot;Another test note&quot;,
+     &quot;text&quot;: &quot;Test note&quot;,
    },
  ]

 ❯ src/tests/notesSlice.test.ts:47:24
            </failure>
        </testcase>
        <testcase classname="src/tests/notesSlice.test.ts" name="notesSlice &gt; addNote &gt; should add a note to the beginning of the array" time="0.000463458">
            <failure message="expected 1 to be 2 // Object.is equality" type="AssertionError">
AssertionError: expected 1 to be 2 // Object.is equality

- Expected
+ Received

- 2
+ 1

 ❯ src/tests/notesSlice.test.ts:56:31
            </failure>
        </testcase>
        <testcase classname="src/tests/notesSlice.test.ts" name="notesSlice &gt; addNote &gt; should add note to empty array" time="0.000373959">
            <failure message="expected +0 to be 1 // Object.is equality" type="AssertionError">
AssertionError: expected +0 to be 1 // Object.is equality

- Expected
+ Received

- 1
+ 0

 ❯ src/tests/notesSlice.test.ts:62:31
            </failure>
        </testcase>
        <testcase classname="src/tests/notesSlice.test.ts" name="notesSlice &gt; removeNote &gt; should remove a note by id" time="0.000334208">
            <failure message="expected 2 to be 1 // Object.is equality" type="AssertionError">
AssertionError: expected 2 to be 1 // Object.is equality

- Expected
+ Received

- 1
+ 2

 ❯ src/tests/notesSlice.test.ts:71:31
            </failure>
        </testcase>
        <testcase classname="src/tests/notesSlice.test.ts" name="notesSlice &gt; setLoading &gt; should set loading to true" time="0.000303125">
            <failure message="expected false to be true // Object.is equality" type="AssertionError">
AssertionError: expected false to be true // Object.is equality

- Expected
+ Received

- true
+ false

 ❯ src/tests/notesSlice.test.ts:79:26
            </failure>
        </testcase>
        <testcase classname="src/tests/notesSlice.test.ts" name="notesSlice &gt; setLoading &gt; should set loading to false" time="0.00016325">
            <failure message="expected true to be false // Object.is equality" type="AssertionError">
AssertionError: expected true to be false // Object.is equality

- Expected
+ Received

- false
+ true

 ❯ src/tests/notesSlice.test.ts:85:26
            </failure>
        </testcase>
        <testcase classname="src/tests/notesSlice.test.ts" name="notesSlice &gt; setError &gt; should set error message" time="0.000241208">
            <failure message="expected null to be &apos;Something went wrong&apos; // Object.is equality" type="AssertionError">
AssertionError: expected null to be &apos;Something went wrong&apos; // Object.is equality

- Expected: 
&quot;Something went wrong&quot;

+ Received: 
null

 ❯ src/tests/notesSlice.test.ts:95:24
            </failure>
        </testcase>
        <testcase classname="src/tests/notesSlice.test.ts" name="notesSlice &gt; setError &gt; should clear error with null" time="0.000433083">
            <failure message="expected &apos;Previous error&apos; to be null" type="AssertionError">
AssertionError: expected &apos;Previous error&apos; to be null

- Expected: 
null

+ Received: 
&quot;Previous error&quot;

 ❯ src/tests/notesSlice.test.ts:101:24
            </failure>
        </testcase>
        <testcase classname="src/tests/notesSlice.test.ts" name="notesSlice &gt; setSearchQuery &gt; should set search query" time="0.000219375">
            <failure message="expected &apos;&apos; to be &apos;test&apos; // Object.is equality" type="AssertionError">
AssertionError: expected &apos;&apos; to be &apos;test&apos; // Object.is equality

- Expected
+ Received

- test

 ❯ src/tests/notesSlice.test.ts:108:30
            </failure>
        </testcase>
        <testcase classname="src/tests/notesSlice.test.ts" name="notesSlice &gt; setSearchQuery &gt; should update existing search query" time="0.000454583">
            <failure message="expected &apos;old&apos; to be &apos;new&apos; // Object.is equality" type="AssertionError">
AssertionError: expected &apos;old&apos; to be &apos;new&apos; // Object.is equality

Expected: &quot;new&quot;
Received: &quot;old&quot;

 ❯ src/tests/notesSlice.test.ts:114:30
            </failure>
        </testcase>
        <testcase classname="src/tests/notesSlice.test.ts" name="notesSlice &gt; clearNotes &gt; should clear all notes and error" time="0.000420416">
            <failure message="expected [ { id: &apos;note-1&apos;, …(3) }, …(1) ] to deeply equal []" type="AssertionError">
AssertionError: expected [ { id: &apos;note-1&apos;, …(3) }, …(1) ] to deeply equal []

- Expected
+ Received

- []
+ [
+   {
+     &quot;createdAt&quot;: 1768820858100,
+     &quot;id&quot;: &quot;note-1&quot;,
+     &quot;taskId&quot;: &quot;task-1&quot;,
+     &quot;text&quot;: &quot;Test note&quot;,
+   },
+   {
+     &quot;createdAt&quot;: 1768820858100,
+     &quot;id&quot;: &quot;note-2&quot;,
+     &quot;taskId&quot;: &quot;task-1&quot;,
+     &quot;text&quot;: &quot;Another test note&quot;,
+   },
+ ]

 ❯ src/tests/notesSlice.test.ts:126:24
            </failure>
        </testcase>
    </testsuite>
</testsuites>
